// Jest Snapshot v1, https://goo.gl/fbAQLP

exports[`Projects renders correctly 1`] = `
<DocumentFragment>
  <div>
    <ul
      class="p-10"
    >
      <li
        class="flex gap-4 flex-col items-center"
      >
        <div
          class="max-w-l rounded overflow-hidden shadow-lg bg-slate-400 max-w-screen-lg"
        >
          <h3
            class="text-2xl font-bold font-mono text-center"
          >
            Title
          </h3>
          <img
            alt="me with a camera"
            src="cameraPicture.jpg"
          />
          <p
            class="text-base font-bold"
          >
            subheading
          </p>
          <p
            class="text-base font-mono"
          >
            body text
          </p>
        </div>
        <div
          class="max-w-l rounded overflow-hidden shadow-lg bg-slate-400 max-w-screen-lg"
        >
          <h3
            class="text-2xl font-bold font-mono text-center"
          >
            Title
          </h3>
          <img
            alt="me with a camera"
            src="cameraPicture.jpg"
          />
          <p
            class="text-base font-bold"
          >
            subheading
          </p>
          <p
            class="text-base font-mono"
          >
            body text
          </p>
        </div>
        <div
          class="max-w-l rounded overflow-hidden shadow-lg bg-slate-400 max-w-screen-lg"
        >
          <h3
            class="text-2xl font-bold font-mono text-center"
          >
            Title
          </h3>
          <img
            alt="me with a camera"
            src="cameraPicture.jpg"
          />
          <p
            class="text-base font-bold"
          >
            subheading
          </p>
          <p
            class="text-base font-mono"
          >
            body text
          </p>
        </div>
        <div
          class="max-w-l rounded overflow-hidden shadow-lg bg-slate-400 max-w-screen-lg"
        >
          <h3
            class="text-2xl font-bold font-mono text-center"
          >
            Title
          </h3>
          <img
            alt="me with a camera"
            src="cameraPicture.jpg"
          />
          <p
            class="text-base font-bold"
          >
            subheading
          </p>
          <p
            class="text-base font-mono"
          >
            body text
          </p>
        </div>
      </li>
    </ul>
  </div>
</DocumentFragment>
`;
