// Jest Snapshot v1, https://goo.gl/fbAQLP

exports[`Navbar renders correctly 1`] = `
<DocumentFragment>
  <div
    class="navbar"
  >
    <h2
      class="nav-header"
    >
      Richard Hallam
    </h2>
    <ul
      class="link-bar"
    >
      <button
        class="bg-green-700 py-2 px-4 rounded-2xl"
      >
        About
      </button>
      <button
        class="bg-green-700 py-2 px-4 rounded-2xl"
      >
        Projects
      </button>
      <button
        class="bg-green-700 py-2 px-4 rounded-2xl"
      >
        posts
      </button>
      <a
        href="https://github.com/Richard-Hallam"
      >
        <button
          class="bg-green-700 py-2 px-4 rounded-2xl"
        >
          Github
        </button>
      </a>
      <a
        href="https://www.linkedin.com/in/richard-hallam-78391726b/"
      >
        <button
          class="bg-green-700 py-2 px-4 rounded-2xl"
        >
          Linkedin
        </button>
      </a>
    </ul>
  </div>
</DocumentFragment>
`;
